DM Object: box 4 MPI processes
  type: plex
box in 2 dimensions:
  Number of 0-cells per rank: 39 39 39 39
  Number of 1-cells per rank: 63 63 63 63
  Number of 2-cells per rank: 25 25 25 25
Labels:
  depth: 3 strata with value/size (0 (39), 1 (63), 2 (25))
  marker: 1 strata with value/size (1 (31))
  Face Sets: 3 strata with value/size (1 (10), 2 (2), 4 (3))
  celltype: 3 strata with value/size (0 (39), 1 (63), 4 (25))
Time     Step Part     Energy
0.000000    0 KE	        0.0000
0.000000    0 PE	    0
0.000000    0 E	        0.0000
0.000000    0 KE	        0.0000
0.000000    0 PE	    0
0.000000    0 E	        0.0000
0.000000    0     0   500.0000
0.000000    0     1   250.0000
0.000000    0 KE	      750.0000
0.000000    0 PE	    0
0.000000    0 E	      750.0000
0.000000    0 KE	        0.0000
0.000000    0 PE	    0
0.000000    0 E	        0.0000
Time     Step Part     Energy
0.000000    0 KE	        0.0000
0.000000    0 PE	    0
0.000000    0 E	        0.0000
0.000000    0 KE	        0.0000
0.000000    0 PE	    0
0.000000    0 E	        0.0000
0.000000    0     0   500.0000
0.000000    0     1   250.0000
0.000000    0 KE	      750.0000
0.000000    0 PE	    0.3483129585
0.000000    0 E	      750.3483
0.000000    0 KE	        0.0000
0.000000    0 PE	    0
0.000000    0 E	        0.0000
Time     Step Part     Energy
0.000000    0 KE	        0.0000
0.000000    0 PE	    0
0.000000    0 E	        0.0000
0.000000    0 KE	        0.0000
0.000000    0 PE	    0
0.000000    0 E	        0.0000
0.000000    0     0   500.0000
0.000000    0     1   250.0000
0.000000    0 KE	      750.0000
0.000000    0 PE	    0.5367592513
0.000000    0 E	      750.5368
0.000000    0 KE	        0.0000
0.000000    0 PE	    0
0.000000    0 E	        0.0000
L_2 convergence rate: 0.78
Time     Step Part     Energy
0.000000    0 KE	        0.0000
0.000000    0 PE	    0
0.000000    0 E	        0.0000
0.000000    0 KE	        0.0000
0.000000    0 PE	    0
0.000000    0 E	        0.0000
0.000000    0     0   500.0000
0.000000    0     1   250.0000
0.000000    0 KE	      750.0000
0.000000    0 PE	    0.7297086704
0.000000    0 E	      750.7297
0.000000    0 KE	        0.0000
0.000000    0 PE	    0
0.000000    0 E	        0.0000
